###############################################################################
#
# IAR ELF Linker V9.10.1.308/W64 for ARM                  11/Mar/2021  19:40:05
# Copyright 2007-2021 IAR Systems AB.
#
#    Output file  =
#        C:\Users\Victor\Documents\Github_Embarcados\EK-TM4C1294_IAR8\Projects\fsm_matrix\Debug\Exe\fsm_matrix.out
#    Map file     =
#        C:\Users\Victor\Documents\Github_Embarcados\EK-TM4C1294_IAR8\Projects\fsm_matrix\Debug\List\fsm_matrix.map
#    Command line =
#        -f
#        C:\Users\Victor\Documents\Github_Embarcados\EK-TM4C1294_IAR8\Projects\fsm_matrix\Debug\Exe\fsm_matrix.out.rsp
#        (C:\Users\Victor\Documents\Github_Embarcados\EK-TM4C1294_IAR8\Projects\fsm_matrix\Debug\Obj\driverbuttons.o
#        C:\Users\Victor\Documents\Github_Embarcados\EK-TM4C1294_IAR8\Projects\fsm_matrix\Debug\Obj\driverleds.o
#        C:\Users\Victor\Documents\Github_Embarcados\EK-TM4C1294_IAR8\TivaWare_C_Series-2.1.4.178\driverlib\ewarm\Exe\driverlib.a
#        C:\Users\Victor\Documents\Github_Embarcados\EK-TM4C1294_IAR8\Projects\fsm_matrix\Debug\Obj\fsm_matrix.o
#        C:\Users\Victor\Documents\Github_Embarcados\EK-TM4C1294_IAR8\Projects\fsm_matrix\Debug\Obj\startup_TM4C1294.o
#        C:\Users\Victor\Documents\Github_Embarcados\EK-TM4C1294_IAR8\Projects\fsm_matrix\Debug\Obj\system_TM4C1294_TW.o
#        --no_out_extension -o
#        C:\Users\Victor\Documents\Github_Embarcados\EK-TM4C1294_IAR8\Projects\fsm_matrix\Debug\Exe\fsm_matrix.out
#        --redirect _Printf=_PrintfFullNoMb --redirect _Scanf=_ScanfFullNoMb
#        --map
#        C:\Users\Victor\Documents\Github_Embarcados\EK-TM4C1294_IAR8\Projects\fsm_matrix\Debug\List\fsm_matrix.map
#        --config "C:\Program Files\IAR Systems\Embedded Workbench
#        9.0\arm\config\linker\TexasInstruments\TM4C1294NC.icf" --semihosting
#        --entry __iar_program_start --vfe --text_out locale)
#
###############################################################################

*******************************************************************************
*** RUNTIME MODEL ATTRIBUTES
***

CppFlavor       = *
__SystemLibrary = DLib
__dlib_version  = 6


*******************************************************************************
*** HEAP SELECTION
***

The basic heap was selected because some modules are built with
size limitations (and not runtime checking), and --advanced_heap
was not specified.


*******************************************************************************
*** PLACEMENT SUMMARY
***

"A0":  place at address 0x0 { ro section .intvec };
"P1":  place in [from 0x0 to 0xf'ffff] { ro };
define block CSTACK with size = 32K, alignment = 8 { };
define block HEAP with size = 64K, alignment = 8 { };
"P2":  place in [from 0x2000'0000 to 0x2003'ffff] {
          rw, block CSTACK, block HEAP };

  Section          Kind         Address    Size  Object
  -------          ----         -------    ----  ------
"A0":                                     0x3c0
  .intvec          ro code          0x0   0x3c0  startup_TM4C1294.o [1]
                                - 0x3c0   0x3c0

"P1":                                     0xcb4
  .text            ro code        0x3c0   0x2bc  sysctl.o [3]
  .rodata          const          0x67c   0x21c  sysctl.o [3]
  .text            ro code        0x898   0x1e2  gpio.o [3]
  .text            ro code        0xa7a     0x2  startup_TM4C1294.o [1]
  .text            ro code        0xa7c   0x148  driverleds.o [1]
  .text            ro code        0xbc4    0xf4  fsm_matrix.o [1]
  .text            ro code        0xcb8    0xd4  driverbuttons.o [1]
  .text            ro code        0xd8c    0x86  ABImemcpy.o [4]
  .text            ro code        0xe14    0x28  systick.o [3]
  .text            ro code        0xe3c    0xe0  interrupt.o [3]
  .text            ro code        0xf1c    0x38  zero_init3.o [4]
  .rodata          const          0xf54    0x30  sysctl.o [3]
  .text            ro code        0xf84    0x28  data_init.o [4]
  .iar.init_table  const          0xfac    0x10  - Linker created -
  .rodata          const          0xfbc    0x20  fsm_matrix.o [1]
  .text            ro code        0xfdc    0x20  system_TM4C1294_TW.o [1]
  .text            ro code        0xffc    0x1e  cmain.o [4]
  .text            ro code       0x101a     0x4  low_level_init.o [2]
  .text            ro code       0x101e     0x4  exit.o [2]
  .text            ro code       0x1024     0xa  cexit.o [4]
  .text            ro code       0x1030    0x14  exit.o [5]
  .text            ro code       0x1044    0x1c  cstartup_M.o [4]
  .text            ro code       0x1060    0x14  startup_TM4C1294.o [1]
  .rodata          const         0x1074     0x0  zero_init3.o [4]
                               - 0x1074   0xcb4

"P2", part 1 of 2:                          0x4
  .bss             zero     0x2000'0000     0x1  fsm_matrix.o [1]
  .bss             zero     0x2000'0001     0x1  fsm_matrix.o [1]
                          - 0x2000'0002     0x2

"P2", part 2 of 2:                       0x8004
  .noinit          uninit   0x2000'0004     0x4  system_TM4C1294_TW.o [1]
  CSTACK                    0x2000'0008  0x8000  <Block>
    CSTACK         uninit   0x2000'0008  0x8000  <Block tail>
                          - 0x2000'8008  0x8004

Unused ranges:

         From           To      Size
         ----           --      ----
       0x1074     0xf'ffff  0xf'ef8c
  0x2000'8008  0x2003'ffff  0x3'7ff8


*******************************************************************************
*** INIT TABLE
***

          Address      Size
          -------      ----
Zero (__iar_zero_init3)
    1 destination range, total size 0x2:
          0x2000'0000   0x2



*******************************************************************************
*** MODULE SUMMARY
***

    Module                ro code  ro data  rw data
    ------                -------  -------  -------
command line/config:
    -----------------------------------------------
    Total:

C:\Users\Victor\Documents\Github_Embarcados\EK-TM4C1294_IAR8\Projects\fsm_matrix\Debug\Obj: [1]
    driverbuttons.o           212
    driverleds.o              328
    fsm_matrix.o              244       32        2
    startup_TM4C1294.o        982
    system_TM4C1294_TW.o       32                 4
    -----------------------------------------------
    Total:                  1'798       32        6

dl7M_tln.a: [2]
    exit.o                      4
    low_level_init.o            4
    -----------------------------------------------
    Total:                      8

driverlib.a: [3]
    gpio.o                    482
    interrupt.o               224
    sysctl.o                  700      588
    systick.o                  40
    -----------------------------------------------
    Total:                  1'446      588

rt7M_tl.a: [4]
    ABImemcpy.o               134
    cexit.o                    10
    cmain.o                    30
    cstartup_M.o               28
    data_init.o                40
    zero_init3.o               56
    -----------------------------------------------
    Total:                    298

shb_l.a: [5]
    exit.o                     20
    -----------------------------------------------
    Total:                     20

    Gaps                        6
    Linker created                      16   32'768
---------------------------------------------------
    Grand Total:            3'576      636   32'774


*******************************************************************************
*** ENTRY LIST
***

Entry                       Address   Size  Type      Object
-----                       -------   ----  ----      ------
.iar.init_table$$Base         0xfac          --   Gb  - Linker created -
.iar.init_table$$Limit        0xfbc          --   Gb  - Linker created -
?main                         0xffd         Code  Gb  cmain.o [4]
ButtonInit                    0xcb9   0x46  Code  Gb  driverbuttons.o [1]
ButtonIntClear                0xd67   0x1e  Code  Gb  driverbuttons.o [1]
ButtonIntDisable              0xd3d   0x2a  Code  Gb  driverbuttons.o [1]
ButtonIntEnable               0xcff   0x3e  Code  Gb  driverbuttons.o [1]
CSTACK$$Base            0x2000'0008          --   Gb  - Linker created -
CSTACK$$Limit           0x2000'8008          --   Gb  - Linker created -
Evento                  0x2000'0000    0x1  Data  Gb  fsm_matrix.o [1]
GPIODirModeSet                0x899   0x28  Code  Gb  gpio.o [3]
GPIOIntClear                  0xa1d    0x8  Code  Gb  gpio.o [3]
GPIOIntDisable                0xa17    0x6  Code  Gb  gpio.o [3]
GPIOIntEnable                 0xa11    0x6  Code  Gb  gpio.o [3]
GPIOIntTypeSet                0x8c1   0x4c  Code  Gb  gpio.o [3]
GPIOJ_Handler                 0xbd5   0x10  Code  Gb  fsm_matrix.o [1]
GPIOPadConfigSet              0x90d  0x104  Code  Gb  gpio.o [3]
GPIOPinTypeGPIOInput          0xa31   0x14  Code  Gb  gpio.o [3]
GPIOPinTypeGPIOOutput         0xa45    0xa  Code  Gb  gpio.o [3]
GPIOPinWrite                  0xa25    0x8  Code  Gb  gpio.o [3]
IntDisable                    0xe95   0x56  Code  Gb  interrupt.o [3]
IntEnable                     0xe3d   0x56  Code  Gb  interrupt.o [3]
LEDInit                       0xa7d   0xba  Code  Gb  driverleds.o [1]
LEDOff                        0xb75   0x3e  Code  Gb  driverleds.o [1]
LEDOn                         0xb37   0x3e  Code  Gb  driverleds.o [1]
Region$$Table$$Base           0xfac          --   Gb  - Linker created -
Region$$Table$$Limit          0xfbc          --   Gb  - Linker created -
SysCtlClockFreqSet            0x423  0x218  Code  Gb  sysctl.o [3]
SysCtlPeripheralEnable        0x405    0x8  Code  Gb  sysctl.o [3]
SysCtlPeripheralReady         0x3e3    0x8  Code  Gb  sysctl.o [3]
SysTickEnable                 0xe15    0xc  Code  Gb  systick.o [3]
SysTickIntEnable              0xe21    0xc  Code  Gb  systick.o [3]
SysTickPeriodSet              0xe2d    0x8  Code  Gb  systick.o [3]
SysTick_Handler               0xbc5   0x10  Code  Gb  fsm_matrix.o [1]
SystemCoreClock         0x2000'0004    0x4  Data  Gb  system_TM4C1294_TW.o [1]
SystemInit                    0xfdd   0x10  Code  Gb  system_TM4C1294_TW.o [1]
_SysCtlMemTimingGet           0x3c1   0x22  Code  Lc  sysctl.o [3]
__Vectors                       0x0          --   Gb  startup_TM4C1294.o [1]
__Vectors_End                 0x3c0         Data  Gb  startup_TM4C1294.o [1]
__Vectors_Size {Abs}          0x3c0          --   Gb  startup_TM4C1294.o [1]
__aeabi_memcpy4               0xd8d         Code  Gb  ABImemcpy.o [4]
__aeabi_memcpy8               0xd8d         Code  Gb  ABImemcpy.o [4]
__cmain                       0xffd         Code  Gb  cmain.o [4]
__exit                       0x1031   0x14  Code  Gb  exit.o [5]
__iar_data_init3              0xf85   0x28  Code  Gb  data_init.o [4]
__iar_init_vfp               0x1069         Code  Wk  startup_TM4C1294.o [1]
__iar_program_start          0x1045         Code  Gb  cstartup_M.o [4]
__iar_zero_init3              0xf1d   0x38  Code  Gb  zero_init3.o [4]
__low_level_init             0x101b    0x4  Code  Gb  low_level_init.o [2]
__vector_table                  0x0         Data  Gb  startup_TM4C1294.o [1]
__vector_table_0x1c            0x1c         Data  Gb  startup_TM4C1294.o [1]
_call_main                   0x1009         Code  Gb  cmain.o [4]
_exit                        0x1025         Code  Gb  cexit.o [4]
exit                         0x101f    0x4  Code  Gb  exit.o [2]
f_LED1_Acende_Botao           0xc09    0xc  Code  Gb  fsm_matrix.o [1]
f_LED1_Acende_Tempo           0xbf1    0xc  Code  Gb  fsm_matrix.o [1]
f_LED1_Apaga_Botao            0xbfd    0xc  Code  Gb  fsm_matrix.o [1]
f_LED1_Apaga_Tempo            0xbe5    0xc  Code  Gb  fsm_matrix.o [1]
f_LED2_Acende_Botao           0xc39    0xc  Code  Gb  fsm_matrix.o [1]
f_LED2_Acende_Tempo           0xc21    0xc  Code  Gb  fsm_matrix.o [1]
f_LED2_Apaga_Botao            0xc2d    0xc  Code  Gb  fsm_matrix.o [1]
f_LED2_Apaga_Tempo            0xc15    0xc  Code  Gb  fsm_matrix.o [1]
g_pppui32XTALtoVCO            0x67c  0x1b0  Data  Lc  sysctl.o [3]
g_pui32Dii16Regs              0xf08   0x14  Data  Lc  interrupt.o [3]
g_pui32EnRegs                 0xef4   0x14  Data  Lc  interrupt.o [3]
g_pui32VCOFrequencies         0x674    0x8  Data  Lc  sysctl.o [3]
g_pui32Xtals                  0x82c   0x6c  Data  Lc  sysctl.o [3]
g_sXTALtoMEMTIM               0xf54   0x30  Data  Lc  sysctl.o [3]
main                          0xc45   0x64  Code  Gb  fsm_matrix.o [1]
main::Estado            0x2000'0001    0x1  Data  Lc  fsm_matrix.o [1]


[1] = C:\Users\Victor\Documents\Github_Embarcados\EK-TM4C1294_IAR8\Projects\fsm_matrix\Debug\Obj
[2] = dl7M_tln.a
[3] = driverlib.a
[4] = rt7M_tl.a
[5] = shb_l.a

   3'576 bytes of readonly  code memory
     636 bytes of readonly  data memory
  32'774 bytes of readwrite data memory

Errors: none
Warnings: none
