###############################################################################
#
# IAR ELF Linker V9.10.1.308/W64 for ARM                  11/Mar/2021  18:54:20
# Copyright 2007-2021 IAR Systems AB.
#
#    Output file  =
#        C:\Users\Victor\Documents\Github_Embarcados\EK-TM4C1294_IAR8\Projects\fsm_state\Debug\Exe\fsm_state.out
#    Map file     =
#        C:\Users\Victor\Documents\Github_Embarcados\EK-TM4C1294_IAR8\Projects\fsm_state\Debug\List\fsm_state.map
#    Command line =
#        -f
#        C:\Users\Victor\Documents\Github_Embarcados\EK-TM4C1294_IAR8\Projects\fsm_state\Debug\Exe\fsm_state.out.rsp
#        (C:\Users\Victor\Documents\Github_Embarcados\EK-TM4C1294_IAR8\Projects\fsm_state\Debug\Obj\driverleds.o
#        C:\Users\Victor\Documents\Github_Embarcados\EK-TM4C1294_IAR8\TivaWare_C_Series-2.1.4.178\driverlib\ewarm\Exe\driverlib.a
#        C:\Users\Victor\Documents\Github_Embarcados\EK-TM4C1294_IAR8\Projects\fsm_state\Debug\Obj\fsm_state.o
#        C:\Users\Victor\Documents\Github_Embarcados\EK-TM4C1294_IAR8\Projects\fsm_state\Debug\Obj\startup_TM4C1294.o
#        C:\Users\Victor\Documents\Github_Embarcados\EK-TM4C1294_IAR8\Projects\fsm_state\Debug\Obj\system_TM4C1294_TW.o
#        --no_out_extension -o
#        C:\Users\Victor\Documents\Github_Embarcados\EK-TM4C1294_IAR8\Projects\fsm_state\Debug\Exe\fsm_state.out
#        --redirect _Printf=_PrintfFullNoMb --redirect _Scanf=_ScanfFullNoMb
#        --map
#        C:\Users\Victor\Documents\Github_Embarcados\EK-TM4C1294_IAR8\Projects\fsm_state\Debug\List\fsm_state.map
#        --config "C:\Program Files\IAR Systems\Embedded Workbench
#        9.0\arm\config\linker\TexasInstruments\TM4C1294NC.icf" --semihosting
#        --entry __iar_program_start --vfe --text_out locale)
#
###############################################################################

*******************************************************************************
*** RUNTIME MODEL ATTRIBUTES
***

CppFlavor       = *
__SystemLibrary = DLib
__dlib_version  = 6


*******************************************************************************
*** HEAP SELECTION
***

The basic heap was selected because some modules are built with
size limitations (and not runtime checking), and --advanced_heap
was not specified.


*******************************************************************************
*** PLACEMENT SUMMARY
***

"A0":  place at address 0x0 { ro section .intvec };
"P1":  place in [from 0x0 to 0xf'ffff] { ro };
define block CSTACK with size = 32K, alignment = 8 { };
define block HEAP with size = 64K, alignment = 8 { };
"P2":  place in [from 0x2000'0000 to 0x2003'ffff] {
          rw, block CSTACK, block HEAP };

  Section          Kind         Address    Size  Object
  -------          ----         -------    ----  ------
"A0":                                     0x3c0
  .intvec          ro code          0x0   0x3c0  startup_TM4C1294.o [1]
                                - 0x3c0   0x3c0

"P1":                                     0x940
  .text            ro code        0x3c0   0x2bc  sysctl.o [3]
  .rodata          const          0x67c   0x21c  sysctl.o [3]
  .text            ro code        0x898   0x150  gpio.o [3]
  .text            ro code        0x9e8   0x148  driverleds.o [1]
  .text            ro code        0xb30    0x70  fsm_state.o [1]
  .text            ro code        0xba0    0x28  systick.o [3]
  .text            ro code        0xbc8    0x38  zero_init3.o [4]
  .rodata          const          0xc00    0x30  sysctl.o [3]
  .text            ro code        0xc30    0x28  data_init.o [4]
  .iar.init_table  const          0xc58    0x10  - Linker created -
  .text            ro code        0xc68    0x20  system_TM4C1294_TW.o [1]
  .text            ro code        0xc88    0x1e  cmain.o [4]
  .text            ro code        0xca6     0x4  low_level_init.o [2]
  .text            ro code        0xcaa     0x4  exit.o [2]
  .text            ro code        0xcae     0x2  startup_TM4C1294.o [1]
  .text            ro code        0xcb0     0xa  cexit.o [4]
  .text            ro code        0xcbc    0x14  exit.o [5]
  .text            ro code        0xcd0    0x1c  cstartup_M.o [4]
  .text            ro code        0xcec    0x14  startup_TM4C1294.o [1]
  .rodata          const          0xd00     0x0  zero_init3.o [4]
                                - 0xd00   0x940

"P2", part 1 of 2:                          0x4
  .bss             zero     0x2000'0000     0x1  fsm_state.o [1]
  .bss             zero     0x2000'0001     0x1  fsm_state.o [1]
                          - 0x2000'0002     0x2

"P2", part 2 of 2:                       0x8004
  .noinit          uninit   0x2000'0004     0x4  system_TM4C1294_TW.o [1]
  CSTACK                    0x2000'0008  0x8000  <Block>
    CSTACK         uninit   0x2000'0008  0x8000  <Block tail>
                          - 0x2000'8008  0x8004

Unused ranges:

         From           To      Size
         ----           --      ----
        0xd00     0xf'ffff  0xf'f300
  0x2000'8008  0x2003'ffff  0x3'7ff8


*******************************************************************************
*** INIT TABLE
***

          Address      Size
          -------      ----
Zero (__iar_zero_init3)
    1 destination range, total size 0x2:
          0x2000'0000   0x2



*******************************************************************************
*** MODULE SUMMARY
***

    Module                ro code  ro data  rw data
    ------                -------  -------  -------
command line/config:
    -----------------------------------------------
    Total:

C:\Users\Victor\Documents\Github_Embarcados\EK-TM4C1294_IAR8\Projects\fsm_state\Debug\Obj: [1]
    driverleds.o              328
    fsm_state.o               112                 2
    startup_TM4C1294.o        982
    system_TM4C1294_TW.o       32                 4
    -----------------------------------------------
    Total:                  1'454                 6

dl7M_tln.a: [2]
    exit.o                      4
    low_level_init.o            4
    -----------------------------------------------
    Total:                      8

driverlib.a: [3]
    gpio.o                    336
    sysctl.o                  700      588
    systick.o                  40
    -----------------------------------------------
    Total:                  1'076      588

rt7M_tl.a: [4]
    cexit.o                    10
    cmain.o                    30
    cstartup_M.o               28
    data_init.o                40
    zero_init3.o               56
    -----------------------------------------------
    Total:                    164

shb_l.a: [5]
    exit.o                     20
    -----------------------------------------------
    Total:                     20

    Gaps                        2
    Linker created                      16   32'768
---------------------------------------------------
    Grand Total:            2'724      604   32'774


*******************************************************************************
*** ENTRY LIST
***

Entry                       Address   Size  Type      Object
-----                       -------   ----  ----      ------
.iar.init_table$$Base         0xc58          --   Gb  - Linker created -
.iar.init_table$$Limit        0xc68          --   Gb  - Linker created -
?main                         0xc89         Code  Gb  cmain.o [4]
CSTACK$$Base            0x2000'0008          --   Gb  - Linker created -
CSTACK$$Limit           0x2000'8008          --   Gb  - Linker created -
Evento                  0x2000'0000    0x1  Data  Gb  fsm_state.o [1]
GPIODirModeSet                0x899   0x28  Code  Gb  gpio.o [3]
GPIOPadConfigSet              0x8c1  0x104  Code  Gb  gpio.o [3]
GPIOPinTypeGPIOOutput         0x9cd    0xa  Code  Gb  gpio.o [3]
GPIOPinWrite                  0x9c5    0x8  Code  Gb  gpio.o [3]
LEDInit                       0x9e9   0xba  Code  Gb  driverleds.o [1]
LEDOff                        0xae1   0x3e  Code  Gb  driverleds.o [1]
LEDOn                         0xaa3   0x3e  Code  Gb  driverleds.o [1]
Region$$Table$$Base           0xc58          --   Gb  - Linker created -
Region$$Table$$Limit          0xc68          --   Gb  - Linker created -
SysCtlClockFreqSet            0x423  0x218  Code  Gb  sysctl.o [3]
SysCtlPeripheralEnable        0x405    0x8  Code  Gb  sysctl.o [3]
SysCtlPeripheralReady         0x3e3    0x8  Code  Gb  sysctl.o [3]
SysTickEnable                 0xba1    0xc  Code  Gb  systick.o [3]
SysTickIntEnable              0xbad    0xc  Code  Gb  systick.o [3]
SysTickPeriodSet              0xbb9    0x8  Code  Gb  systick.o [3]
SysTick_Handler               0xb31    0x8  Code  Gb  fsm_state.o [1]
SystemCoreClock         0x2000'0004    0x4  Data  Gb  system_TM4C1294_TW.o [1]
SystemInit                    0xc69   0x10  Code  Gb  system_TM4C1294_TW.o [1]
_SysCtlMemTimingGet           0x3c1   0x22  Code  Lc  sysctl.o [3]
__Vectors                       0x0          --   Gb  startup_TM4C1294.o [1]
__Vectors_End                 0x3c0         Data  Gb  startup_TM4C1294.o [1]
__Vectors_Size {Abs}          0x3c0          --   Gb  startup_TM4C1294.o [1]
__cmain                       0xc89         Code  Gb  cmain.o [4]
__exit                        0xcbd   0x14  Code  Gb  exit.o [5]
__iar_data_init3              0xc31   0x28  Code  Gb  data_init.o [4]
__iar_init_vfp                0xcf5         Code  Wk  startup_TM4C1294.o [1]
__iar_program_start           0xcd1         Code  Gb  cstartup_M.o [4]
__iar_zero_init3              0xbc9   0x38  Code  Gb  zero_init3.o [4]
__low_level_init              0xca7    0x4  Code  Gb  low_level_init.o [2]
__vector_table                  0x0         Data  Gb  startup_TM4C1294.o [1]
__vector_table_0x1c            0x1c         Data  Gb  startup_TM4C1294.o [1]
_call_main                    0xc95         Code  Gb  cmain.o [4]
_exit                         0xcb1         Code  Gb  cexit.o [4]
exit                          0xcab    0x4  Code  Gb  exit.o [2]
g_pppui32XTALtoVCO            0x67c  0x1b0  Data  Lc  sysctl.o [3]
g_pui32VCOFrequencies         0x674    0x8  Data  Lc  sysctl.o [3]
g_pui32Xtals                  0x82c   0x6c  Data  Lc  sysctl.o [3]
g_sXTALtoMEMTIM               0xc00   0x30  Data  Lc  sysctl.o [3]
main                          0xb39   0x5a  Code  Gb  fsm_state.o [1]
main::Estado            0x2000'0001    0x1  Data  Lc  fsm_state.o [1]


[1] = C:\Users\Victor\Documents\Github_Embarcados\EK-TM4C1294_IAR8\Projects\fsm_state\Debug\Obj
[2] = dl7M_tln.a
[3] = driverlib.a
[4] = rt7M_tl.a
[5] = shb_l.a

   2'724 bytes of readonly  code memory
     604 bytes of readonly  data memory
  32'774 bytes of readwrite data memory

Errors: none
Warnings: none
